ï¿½ï¿½ efuse block revision: v1.ESP-ROM:esp32s3-20210327
Build:Mar 27 2021
rst:0x1 (POWERON),boot:0x8 (SPI_FAST_FLASH_BOOT)
SPIWP:0xee
mode:DIO, clock div:1
load:0x3fce2810,len:0x15a0
load:0x403c8700,len:0x4
load:0x403c8704,len:0xd20
load:0x403cb700,len:0x2f00
entry 0x403c8928
[0;32mI (27) boot: ESP-IDF v5.4.1 2nd stage bootloader[0m
[0;32mI (27) boot: compile time Jul  1 2025 00:11:42[0m
[0;32mI (27) boot: Multicore bootloader[0m
[0;32mI (27) boot: chip revision: v0.2[0m
[0;32mI (30) boot: efuse block revision: v1.3[0m
[0;32mI (33) boot.esp32s3: Boot SPI Speed : 80MHz[0m
[0;32mI (37) boot.esp32s3: SPI Mode       : DIO[0m
[0;32mI (41) boot.esp32s3: SPI Flash Size : 2MB[0m
[0;32mI (45) boot: Enabling RNG early entropy source...[0m
[0;32mI (49) boot: Partition Table:[0m
[0;32mI (52) boot: ## Label            Usage          Type ST Offset   Length[0m
[0;32mI (58) boot:  0 nvs              WiFi data        01 02 00009000 00006000[0m
[0;32mI (65) boot:  1 phy_init         RF data          01 01 0000f000 00001000[0m
[0;32mI (71) boot:  2 factory          factory app      00 00 00010000 00100000[0m
[0;32mI (78) boot: End of partition table[0m
[0;32mI (81) esp_image: segment 0: paddr=00010020 vaddr=3c020020 size=0c2b0h ( 49840) map[0m
[0;32mI (97) esp_image: segment 1: paddr=0001c2d8 vaddr=3fc94300 size=02af0h ( 10992) load[0m
[0;32mI (100) esp_image: segment 2: paddr=0001edd0 vaddr=40374000 size=01248h (  4680) load[0m
[0;32mI (104) esp_image: segment 3: paddr=00020020 vaddr=42000020 size=1c648h (116296) map[0m
[0;32mI (131) esp_image: segment 4: paddr=0003c670 vaddr=40375248 size=0eff4h ( 61428) load[0m
[0;32mI (145) esp_image: segment 5: paddr=0004b66c vaddr=600fe100 size=0001ch (    28) load[0m
[0;32mI (151) boot: Loaded app from partition at offset 0x10000[0m
[0;32mI (152) boot: Disabling RNG early entropy source...[0m
[0;32mI (163) cpu_start: Multicore app[0m
[0;32mI (172) cpu_start: Pro cpu start user code[0m
[0;32mI (172) cpu_start: cpu freq: 160000000 Hz[0m
[0;32mI (172) app_init: Application information:[0m
[0;32mI (172) app_init: Project name:     lora_receiver[0m
[0;32mI (176) app_init: App version:      1[0m
[0;32mI (180) app_init: Compile time:     Jul  1 2025 00:11:18[0m
[0;32mI (185) app_init: ELF file SHA256:  245d8512b...[0m
[0;32mI (189) app_init: ESP-IDF:          v5.4.1[0m
[0;32mI (193) efuse_init: Min chip rev:     v0.0[0m
[0;32mI (197) efuse_init: Max chip rev:     v0.99 [0m
[0;32mI (201) efuse_init: Chip rev:         v0.2[0m
[0;32mI (205) heap_init: Initializing. RAM available for dynamic allocation:[0m
[0;32mI (211) heap_init: At 3FC976E0 len 00052030 (328 KiB): RAM[0m
[0;32mI (216) heap_init: At 3FCE9710 len 00005724 (21 KiB): RAM[0m
[0;32mI (221) heap_init: At 3FCF0000 len 00008000 (32 KiB): DRAM[0m
[0;32mI (226) heap_init: At 600FE11C len 00001ECC (7 KiB): RTCRAM[0m
[0;32mI (233) spi_flash: detected chip: gd[0m
[0;32mI (235) spi_flash: flash io: dio[0m
[0;33mW (238) spi_flash: Detected size(8192k) larger than the size in the binary image header(2048k). Using the size in the binary image header.[0m
[0;32mI (250) sleep_gpio: Configure to isolate all GPIO pins in sleep state[0m
[0;32mI (256) sleep_gpio: Enable automatic switching of GPIO sleep configuration[0m
[0;32mI (263) main_task: Started on CPU0[0m
[0;32mI (283) main_task: Calling app_main()[0m
[0;32mI (283) RECEIVER: Initializing SPI bus[0m
[0;32mI (283) RECEIVER: Initializing HAL[0m
[0;32mI (283) gpio: GPIO[8]| InputEn: 0| OutputEn: 1| OpenDrain: 0| Pullup: 0| Pulldown: 0| Intr:0 [0m
[0;32mI (293) gpio: GPIO[12]| InputEn: 0| OutputEn: 1| OpenDrain: 0| Pullup: 0| Pulldown: 0| Intr:0 [0m
[0;32mI (303) gpio: GPIO[13]| InputEn: 1| OutputEn: 0| OpenDrain: 0| Pullup: 0| Pulldown: 0| Intr:0 [0m
[0;32mI (303) gpio: GPIO[14]| InputEn: 1| OutputEn: 0| OpenDrain: 0| Pullup: 0| Pulldown: 0| Intr:0 [0m
[0;32mI (313) RECEIVER: Resetting radio[0m
[0;32mI (323) RECEIVER: Enabling TCXO via DIO3[0m
[0;32mI (323) RECEIVER: Waking up radio[0m
[0;32mI (323) RECEIVER: Setting standby mode[0m
[0;32mI (333) RECEIVER: Setting packet type[0m
[0;32mI (333) RECEIVER: Setting modulation parameters[0m
[0;32mI (333) RECEIVER: Setting packet parameters[0m
[0;32mI (343) RECEIVER: Setting RF frequency[0m
[0;32mI (343) RECEIVER: Setting IRQ parameters...[0m
[0;32mI (343) RECEIVER: Set RX[0m
[0;32mI (1443) RECEIVER: IRQ status: 0x0000[0m
[0;33mW (1443) RECEIVER: No packet or unhandled IRQ[0m
[0;32mI (1443) RECEIVER: Set RX[0m
[0;32mI (2443) RECEIVER: IRQ status: 0x0000[0m
[0;33mW (2443) RECEIVER: No packet or unhandled IRQ[0m
[0;32mI (2443) RECEIVER: Set RX[0m
[0;32mI (3443) RECEIVER: IRQ status: 0x0000[0m
[0;33mW (3443) RECEIVER: No packet or unhandled IRQ[0m
[0;32mI (3443) RECEIVER: Set RX[0m
[0;32mI (4443) RECEIVER: IRQ status: 0x0000[0m
[0;33mW (4443) RECEIVER: No packet or unhandled IRQ[0m
[0;32mI (4443) RECEIVER: Set RX[0m
[0;32mI (5443) RECEIVER: IRQ status: 0x0000[0m
[0;33mW (5443) RECEIVER: No packet or unhandled IRQ[0m
[0;32mI (5443) RECEIVER: Set RX[0m
[0;32mI (6443) RECEIVER: IRQ status: 0x0000[0m
[0;33mW (6443) RECEIVER: No packet or unhandled IRQ[0m
[0;32mI (6443) RECEIVER: Set RX[0m
[0;32mI (7443) RECEIVER: IRQ status: 0x0000[0m
[0;33mW (7443) RECEIVER: No packet or unhandled IRQ[0m
[0;32mI (7443) RECEIVER: Set RX[0m
[0;32mI (8443) RECEIVER: IRQ status: 0x0000[0m
[0;33mW (8443) RECEIVER: No packet or unhandled IRQ[0m
[0;32mI (8443) RECEIVER: Set RX[0m
[0;32mI (9443) RECEIVER: IRQ status: 0x0000[0m
[0;33mW (9443) RECEIVER: No packet or unhandled IRQ[0m
[0;32mI (9443) RECEIVER: Set RX[0m
[0;32mI (10443) RECEIVER: IRQ status: 0x0000[0m
[0;33mW (10443) RECEIVER: No packet or unhandled IRQ[0m
[0;32mI (10443) RECEIVER: Set RX[0m
[0;32mI (11443) RECEIVER: IRQ status: 0x0000[0m
[0;33mW (11443) RECEIVER: No packet or unhandled IRQ[0m
[0;32mI (11443) RECEIVER: Set RX[0m
[0;32mI (12443) RECEIVER: IRQ status: 0x0000[0m
[0;33mW (12443) RECEIVER: No packet or unhandled IRQ[0m
[0;32mI (12443) RECEIVER: Set RX[0m
